|------------------------------------------------------------------------------|
|                             ECL  LOADING  REPORT                             |
|                                                                    Page   1  |
|------------------------------------------------------------------------------|
|  D:/2021/20210115_work/rpt/NMD881R01-ORB-0115_1055.brd                       |
|  dimensions in mils                                Fri Jan 15 16:57:29 2021  |
|------------------------------------------------------------------------------|
|                   refdes                                                     |
|  net name         pinid               x        y       length   layer        |
|- - - - - - - - - - - - - - - - - - - - - - - - - - - - - - - - - - - - - - - |
 -FBA_CLK0
                   UGPU1.D25*       7661.41  4177.17 D     0.00  
                   VIA              7677.16  4193.39 V    22.74  BOTTOM
                   VIA              8401.02  4331.96 V  1361.49  IN3
                   UV1.K10*         8401.03  4301.53 L  1401.05  BOTTOM
        TOTAL         2 VIA(S)                         1401.050  mils
 - - - - - - - - - - - - - - - - - - - - - - - - - - - - - - - - - - - - - - -  
 -FBA_CLK1
                   UGPU1.M22*       7399.21  4081.10 D     0.00  
                   VIA              7382.93  4097.66 V    27.59  BOTTOM
                   VIA              7489.32  4922.38 V  1268.12  IN3
                   UV2.K10*         7473.43  4906.49 L  1291.73  BOTTOM
        TOTAL         2 VIA(S)                         1291.730  mils
 - - - - - - - - - - - - - - - - - - - - - - - - - - - - - - - - - - - - - - -  
 -FBA_WCK01
                   UGPU1.C18*       7692.91  3949.61 D     0.00  
                   VIA              7709.56  3933.90 V    27.56  BOTTOM
                   VIA              8209.59  4430.41 V   941.01  IN1
                   UV1.D5*          8223.86  4449.17 L   965.68  BOTTOM
        TOTAL         2 VIA(S)                          965.680  mils
 - - - - - - - - - - - - - - - - - - - - - - - - - - - - - - - - - - - - - - -  
 -FBA_WCK23
                   UGPU1.D16*       7661.41  3883.47 D     0.00  
                   VIA              7643.63  3899.73 V    24.52  BOTTOM
                   VIA              8534.35  4315.85 V  1196.47  IN4
                   UV1.R10*         8548.67  4301.53 L  1216.72  BOTTOM
        TOTAL         2 VIA(S)                         1216.720  mils
 - - - - - - - - - - - - - - - - - - - - - - - - - - - - - - - - - - - - - - -  
 -FBA_WCK45
                   UGPU1.U24*       7237.00  4145.67 D     0.00  
                   VIA              7222.76  4129.15 V    22.42  BOTTOM
                   VIA              7606.30  5068.89 V  1325.86  IN4
                   UV2.D5*          7621.07  5083.66 L  1346.75  BOTTOM
        TOTAL         2 VIA(S)                         1346.750  mils
 - - - - - - - - - - - - - - - - - - - - - - - - - - - - - - - - - - - - - - -  
 -FBA_WCK67
                   UGPU1.V25*       7203.93  4177.17 D     0.00  
                   VIA              7219.87  4193.11 V    22.54  BOTTOM
                   VIA              7459.23  4773.06 V  1376.19  IN1
                   UV2.R10*         7473.43  4758.85 L  1396.28  BOTTOM
        TOTAL         2 VIA(S)                         1396.280  mils
 - - - - - - - - - - - - - - - - - - - - - - - - - - - - - - - - - - - - - - -  
 -FBA_WCKB01
                   UGPU1.A14*       7755.90  3818.90 D     0.00  
                   VIA              7795.60  3867.66 V    83.45  BOTTOM
                   VIA              8239.10  4316.77 V   902.49  IN1
|------------------------------------------------------------------------------|
|                             ECL  LOADING  REPORT                             |
|                                                                    Page   2  |
|------------------------------------------------------------------------------|
|  D:/2021/20210115_work/rpt/NMD881R01-ORB-0115_1055.brd                       |
|  dimensions in mils                                Fri Jan 15 16:57:29 2021  |
|------------------------------------------------------------------------------|
|                   refdes                                                     |
|  net name         pinid               x        y       length   layer        |
|- - - - - - - - - - - - - - - - - - - - - - - - - - - - - - - - - - - - - - - |
                   UV1.D10*         8223.86  4301.53 L   924.24  BOTTOM
        TOTAL         2 VIA(S)                          924.240  mils
 - - - - - - - - - - - - - - - - - - - - - - - - - - - - - - - - - - - - - - -  
 -FBA_WCKB23
                   UGPU1.A20*       7755.90  4014.18 D     0.00  
                   VIA              7786.00  4025.00 V    34.58  BOTTOM
                   VIA              8563.02  4463.54 V  1014.62  IN4
                   UV1.R5*          8548.67  4449.17 L  1034.93  BOTTOM
        TOTAL         2 VIA(S)                         1034.930  mils
 - - - - - - - - - - - - - - - - - - - - - - - - - - - - - - - - - - - - - - -  
 -FBA_WCKB45
                   UGPU1.Y27*       7139.36  4240.16 D     0.00  
                   VIA              7089.11  4373.37 V   182.11  BOTTOM
                   VIA              7491.19  5097.79 V  1296.98  IN4
                   UV2.D10*         7473.43  5083.66 L  1320.59  BOTTOM
        TOTAL         2 VIA(S)                         1320.590  mils
 - - - - - - - - - - - - - - - - - - - - - - - - - - - - - - - - - - - - - - -  
 -FBA_WCKB67
                   UGPU1.P27*       7334.64  4240.16 D     0.00  
                   VIA              7101.63  4352.55 V   309.60  BOTTOM
                   VIA              7574.69  4779.48 V  1084.06  IN1
                   UV2.R5*          7621.07  4758.85 L  1138.99  BOTTOM
        TOTAL         2 VIA(S)                         1138.990  mils
 - - - - - - - - - - - - - - - - - - - - - - - - - - - - - - - - - - - - - - -  
 FBA_CLK0
                   UGPU1.D24*       7661.41  4145.67 D     0.00  
                   VIA              7677.16  4161.10 V    22.14  BOTTOM
                   VIA              8371.50  4330.96 V  1364.21  IN3
                   UV1.J10*         8371.50  4301.53 L  1400.68  BOTTOM
        TOTAL         2 VIA(S)                         1400.680  mils
 - - - - - - - - - - - - - - - - - - - - - - - - - - - - - - - - - - - - - - -  
 FBA_CLK1
                   UGPU1.N22*       7367.71  4081.10 D     0.00  
                   VIA              7383.05  4065.76 V    21.69  BOTTOM
                   VIA              7458.31  4920.91 V  1271.57  IN3
                   UV2.J10*         7473.43  4936.02 L  1292.95  BOTTOM
        TOTAL         2 VIA(S)                         1292.950  mils
 - - - - - - - - - - - - - - - - - - - - - - - - - - - - - - - - - - - - - - -  
 FBA_CMD_0
                   UGPU1.C27*       7692.91  4240.16 D     0.00  
                   VIA              8126.00  3983.00 V   734.14  BOTTOM
                   VIA              8356.55  4522.61 V  1809.62  IN3
                   UV1.H3*          8341.97  4508.22 L  1830.17  BOTTOM
        TOTAL         2 VIA(S)                         1830.170  mils
 - - - - - - - - - - - - - - - - - - - - - - - - - - - - - - - - - - - - - - -  
 FBA_CMD_1
|------------------------------------------------------------------------------|
|                             ECL  LOADING  REPORT                             |
|                                                                    Page   3  |
|------------------------------------------------------------------------------|
|  D:/2021/20210115_work/rpt/NMD881R01-ORB-0115_1055.brd                       |
|  dimensions in mils                                Fri Jan 15 16:57:29 2021  |
|------------------------------------------------------------------------------|
|                   refdes                                                     |
|  net name         pinid               x        y       length   layer        |
|- - - - - - - - - - - - - - - - - - - - - - - - - - - - - - - - - - - - - - - |
                   UGPU1.C26*       7692.91  4208.66 D     0.00  
                   VIA              8159.00  3984.00 V   848.29  BOTTOM
                   VIA(T)           8386.77  4522.48 V  1908.53  IN3
                   UV1.K3*          8401.03  4508.22 L  1928.70  BOTTOM
                   UV1.J3*          8371.50  4508.22 L  1949.88  BOTTOM
        TOTAL         2 VIA(S)                         1949.880  mils
 - - - - - - - - - - - - - - - - - - - - - - - - - - - - - - - - - - - - - - -  
 FBA_CMD_2
                   UGPU1.E24*       7627.95  4145.67 D     0.00  
                   VIA              7644.19  4128.54 V    23.86  BOTTOM
                   VIA(T)           8430.79  4610.77 V  2018.19  IN3
                   R3908.2*         8434.88  4639.90 L  2049.01  TOP
                   UV1.J1*          8371.50  4567.28 L  2141.08  BOTTOM
        TOTAL         2 VIA(S)                         2141.080  mils
 - - - - - - - - - - - - - - - - - - - - - - - - - - - - - - - - - - - - - - -  
 FBA_CMD_3
                   UGPU1.F24*       7594.48  4145.67 D     0.00  
                   VIA              7645.01  4161.42 V    58.12  BOTTOM
                   VIA(T)           8386.21  4492.10 V  1595.61  IN3
                   UV1.J4*          8371.50  4478.70 L  1615.87  BOTTOM
                   UV1.K4*          8401.03  4478.70 L  1636.24  BOTTOM
        TOTAL         2 VIA(S)                         1636.240  mils
 - - - - - - - - - - - - - - - - - - - - - - - - - - - - - - - - - - - - - - -  
 FBA_CMD_4
                   UGPU1.D27*       7661.41  4240.16 D     0.00  
                   VIA              7678.00  4275.00 V    41.71  BOTTOM
                   VIA              8416.01  4428.38 V  1445.55  IN3
                   UV1.L3*          8430.56  4508.22 L  1531.44  BOTTOM
        TOTAL         2 VIA(S)                         1531.440  mils
 - - - - - - - - - - - - - - - - - - - - - - - - - - - - - - - - - - - - - - -  
 FBA_CMD_5
                   UGPU1.D26*       7661.41  4208.66 D     0.00  
                   VIA              7729.00  4310.00 V   187.02  BOTTOM
                   VIA              8485.31  4375.61 V  1383.06  IN3
                   UV1.M4*          8460.08  4478.70 L  1539.63  BOTTOM
        TOTAL         2 VIA(S)                         1539.630  mils
 - - - - - - - - - - - - - - - - - - - - - - - - - - - - - - - - - - - - - - -  
 FBA_CMD_6
                   UGPU1.F25*       7594.48  4177.17 D     0.00  
                   VIA              7608.45  4193.50 V    22.38  BOTTOM
                   VIA(T)           8386.71  4434.86 V  1220.25  IN3
                   UV1.K5*          8401.03  4449.17 L  1240.50  BOTTOM
                   UV1.J5*          8371.50  4449.17 L  1261.64  BOTTOM
        TOTAL         2 VIA(S)                         1261.640  mils
 - - - - - - - - - - - - - - - - - - - - - - - - - - - - - - - - - - - - - - -  
 FBA_CMD_7
|------------------------------------------------------------------------------|
|                             ECL  LOADING  REPORT                             |
|                                                                    Page   4  |
|------------------------------------------------------------------------------|
|  D:/2021/20210115_work/rpt/NMD881R01-ORB-0115_1055.brd                       |
|  dimensions in mils                                Fri Jan 15 16:57:29 2021  |
|------------------------------------------------------------------------------|
|                   refdes                                                     |
|  net name         pinid               x        y       length   layer        |
|- - - - - - - - - - - - - - - - - - - - - - - - - - - - - - - - - - - - - - - |
                   UGPU1.F26*       7594.48  4208.66 D     0.00  
                   VIA              7784.00  4311.00 V   285.84  BOTTOM
                   VIA(T)           8457.06  4376.06 V  1385.60  IN3
                   UV1.L5*          8430.56  4449.17 L  1541.85  BOTTOM
                   UV1.H5*          8341.97  4449.17 L  1699.24  BOTTOM
        TOTAL         2 VIA(S)                         1699.240  mils
 - - - - - - - - - - - - - - - - - - - - - - - - - - - - - - - - - - - - - - -  
 FBA_CMD_8
                   UGPU1.F23*       7594.48  4114.18 D     0.00  
                   VIA              7613.41  4127.41 V    24.41  BOTTOM
                   VIA              8297.64  4493.51 V  1989.69  IN3
                   UV1.G4*          8312.44  4478.70 L  2010.63  BOTTOM
        TOTAL         2 VIA(S)                         2010.630  mils
 - - - - - - - - - - - - - - - - - - - - - - - - - - - - - - - - - - - - - - -  
 FBA_CMD_9
                   UGPU1.G22*       7562.99  4081.10 D     0.00  
                   VIA              7546.06  4094.65 V    21.89  BOTTOM
                   VIA              8327.72  4287.29 V  1183.34  IN3
                   UV1.G11*         8312.44  4272.00 L  1204.96  BOTTOM
        TOTAL         2 VIA(S)                         1204.960  mils
 - - - - - - - - - - - - - - - - - - - - - - - - - - - - - - - - - - - - - - -  
 FBA_CMD_10
                   UGPU1.G23*       7562.99  4114.18 D     0.00  
                   VIA              7577.06  4130.75 V    22.40  BOTTOM
                   VIA(T)           8380.02  4375.58 V  1228.29  IN3
                   R3910.2*         8369.58  4402.97 L  1260.00  TOP
                   UV1.G10*         8312.44  4301.53 L  1409.29  BOTTOM
                   UV1.M10*         8460.08  4301.53 L  1558.82  BOTTOM
        TOTAL         2 VIA(S)                         1558.820  mils
 - - - - - - - - - - - - - - - - - - - - - - - - - - - - - - - - - - - - - - -  
 FBA_CMD_11
                   UGPU1.G24*       7562.99  4145.67 D     0.00  
                   VIA              7579.34  4162.02 V    23.12  BOTTOM
                   VIA(T)           8351.41  4374.76 V  1133.02  IN3
                   UV1.H10*         8341.97  4301.53 L  1256.43  BOTTOM
                   UV1.L10*         8430.56  4301.53 L  1381.08  BOTTOM
        TOTAL         2 VIA(S)                         1381.080  mils
 - - - - - - - - - - - - - - - - - - - - - - - - - - - - - - - - - - - - - - -  
 FBA_CMD_12
                   UGPU1.F27*       7594.48  4240.16 D     0.00  
                   VIA              7594.48  4262.00 V    21.84  BOTTOM
                   VIA              8445.32  4286.77 V  1106.34  IN3
                   UV1.M11*         8460.08  4272.00 L  1127.22  BOTTOM
        TOTAL         2 VIA(S)                         1127.220  mils
 - - - - - - - - - - - - - - - - - - - - - - - - - - - - - - - - - - - - - - -  
 FBA_CMD_13
|------------------------------------------------------------------------------|
|                             ECL  LOADING  REPORT                             |
|                                                                    Page   5  |
|------------------------------------------------------------------------------|
|  D:/2021/20210115_work/rpt/NMD881R01-ORB-0115_1055.brd                       |
|  dimensions in mils                                Fri Jan 15 16:57:29 2021  |
|------------------------------------------------------------------------------|
|                   refdes                                                     |
|  net name         pinid               x        y       length   layer        |
|- - - - - - - - - - - - - - - - - - - - - - - - - - - - - - - - - - - - - - - |
                   UGPU1.G25*       7562.99  4177.17 D     0.00  
                   VIA              7840.50  4325.50 V   420.02  BOTTOM
                   VIA              8445.32  4227.72 V  1187.76  IN3
                   UV1.L12*         8430.56  4242.48 L  1208.65  BOTTOM
        TOTAL         2 VIA(S)                         1208.650  mils
 - - - - - - - - - - - - - - - - - - - - - - - - - - - - - - - - - - - - - - -  
 FBA_CMD_14
                   UGPU1.G27*       7562.99  4240.16 D     0.00  
                   VIA              7607.58  4308.67 V   104.29  BOTTOM
                   VIA(T)           8386.26  4257.24 V  1042.25  IN3
                   UV1.J11*         8371.50  4272.00 L  1063.14  BOTTOM
                   UV1.K11*         8401.03  4272.00 L  1084.04  BOTTOM
        TOTAL         2 VIA(S)                         1084.040  mils
 - - - - - - - - - - - - - - - - - - - - - - - - - - - - - - - - - - - - - - -  
 FBA_CMD_15
                   UGPU1.G26*       7562.99  4208.66 D     0.00  
                   VIA              7605.00  4344.00 V   212.87  BOTTOM
                   VIA(T)           8385.94  4228.04 V  1065.92  IN3
                   UV1.J12*         8371.50  4242.48 L  1086.34  BOTTOM
                   UV1.K12*         8401.03  4242.48 L  1107.41  BOTTOM
        TOTAL         2 VIA(S)                         1107.410  mils
 - - - - - - - - - - - - - - - - - - - - - - - - - - - - - - - - - - - - - - -  
 FBA_CMD_16
                   UGPU1.M24*       7399.21  4145.67 D     0.00  
                   VIA              7383.34  4162.20 V    23.10  BOTTOM
                   VIA              7694.88  4862.19 V   978.59  IN3
                   UV2.L3*          7680.12  4876.96 L   999.47  BOTTOM
        TOTAL         2 VIA(S)                          999.470  mils
 - - - - - - - - - - - - - - - - - - - - - - - - - - - - - - - - - - - - - - -  
 FBA_CMD_17
                   UGPU1.M23*       7399.21  4114.18 D     0.00  
                   VIA              7448.53  4099.13 V    55.55  BOTTOM
                   VIA(T)           7695.93  4921.21 V  1199.36  IN3
                   UV2.K3*          7680.12  4906.49 L  1221.27  BOTTOM
                   UV2.J3*          7680.12  4936.02 L  1243.21  BOTTOM
        TOTAL         2 VIA(S)                         1243.210  mils
 - - - - - - - - - - - - - - - - - - - - - - - - - - - - - - - - - - - - - - -  
 FBA_CMD_18
                   UGPU1.K24*       7465.35  4145.67 D     0.00  
                   VIA              7449.56  4162.16 V    23.03  BOTTOM
                   VIA(T)           7757.00  4926.00 V  1097.37  IN3
                   UV2.J1*          7739.18  4936.02 L  1120.31  BOTTOM
                   R3907.2*         7728.50  4949.00 L  1159.30  TOP
        TOTAL         2 VIA(S)                         1159.300  mils
 - - - - - - - - - - - - - - - - - - - - - - - - - - - - - - - - - - - - - - -  
 FBA_CMD_19
|------------------------------------------------------------------------------|
|                             ECL  LOADING  REPORT                             |
|                                                                    Page   6  |
|------------------------------------------------------------------------------|
|  D:/2021/20210115_work/rpt/NMD881R01-ORB-0115_1055.brd                       |
|  dimensions in mils                                Fri Jan 15 16:57:29 2021  |
|------------------------------------------------------------------------------|
|                   refdes                                                     |
|  net name         pinid               x        y       length   layer        |
|- - - - - - - - - - - - - - - - - - - - - - - - - - - - - - - - - - - - - - - |
                   UGPU1.K23*       7465.35  4114.18 D     0.00  
                   VIA              7480.46  4129.76 V    21.84  BOTTOM
                   VIA(T)           7665.82  4921.11 V  1203.88  IN3
                   UV2.K4*          7650.60  4906.49 L  1225.16  BOTTOM
                   UV2.J4*          7650.60  4936.02 L  1246.56  BOTTOM
        TOTAL         2 VIA(S)                         1246.560  mils
 - - - - - - - - - - - - - - - - - - - - - - - - - - - - - - - - - - - - - - -  
 FBA_CMD_20
                   UGPU1.M27*       7399.21  4240.16 D     0.00  
                   VIA              7333.97  4320.01 V   115.97  BOTTOM
                   VIA              7665.12  4980.32 V  1008.94  IN3
                   UV2.H3*          7680.12  4965.55 L  1030.06  BOTTOM
        TOTAL         2 VIA(S)                         1030.060  mils
 - - - - - - - - - - - - - - - - - - - - - - - - - - - - - - - - - - - - - - -  
 FBA_CMD_21
                   UGPU1.M26*       7399.21  4208.66 D     0.00  
                   VIA              7315.12  4336.76 V   199.02  BOTTOM
                   VIA              7635.84  4980.32 V  1105.86  IN3
                   UV2.G4*          7650.60  4995.08 L  1126.73  BOTTOM
        TOTAL         2 VIA(S)                         1126.730  mils
 - - - - - - - - - - - - - - - - - - - - - - - - - - - - - - - - - - - - - - -  
 FBA_CMD_22
                   UGPU1.M25*       7399.21  4177.17 D     0.00  
                   VIA              7282.00  4351.56 V   298.45  BOTTOM
                   VIA(T)           7606.74  4921.11 V  1113.89  IN3
                   UV2.K5*          7621.07  4906.49 L  1134.45  BOTTOM
                   UV2.J5*          7621.07  4936.02 L  1155.30  BOTTOM
        TOTAL         2 VIA(S)                         1155.300  mils
 - - - - - - - - - - - - - - - - - - - - - - - - - - - - - - - - - - - - - - -  
 FBA_CMD_23
                   UGPU1.K26*       7465.35  4208.66 D     0.00  
                   VIA              7447.08  4229.23 V    28.14  BOTTOM
                   VIA(T)           7579.57  4921.11 V  1292.54  IN3
                   UV2.L5*          7621.07  4876.96 L  1353.88  BOTTOM
                   UV2.H5*          7621.07  4965.55 L  1415.51  BOTTOM
        TOTAL         2 VIA(S)                         1415.510  mils
 - - - - - - - - - - - - - - - - - - - - - - - - - - - - - - - - - - - - - - -  
 FBA_CMD_24
                   UGPU1.K22*       7465.35  4081.10 D     0.00  
                   VIA              7480.70  4097.24 V    22.50  BOTTOM
                   VIA              7578.90  4840.30 V  1207.56  IN3
                   UV2.M4*          7650.60  4847.44 L  1289.09  BOTTOM
        TOTAL         2 VIA(S)                         1289.090  mils
 - - - - - - - - - - - - - - - - - - - - - - - - - - - - - - - - - - - - - - -  
 FBA_CMD_25
                   UGPU1.J23*       7496.84  4114.18 D     0.00  
|------------------------------------------------------------------------------|
|                             ECL  LOADING  REPORT                             |
|                                                                    Page   7  |
|------------------------------------------------------------------------------|
|  D:/2021/20210115_work/rpt/NMD881R01-ORB-0115_1055.brd                       |
|  dimensions in mils                                Fri Jan 15 16:57:29 2021  |
|------------------------------------------------------------------------------|
|                   refdes                                                     |
|  net name         pinid               x        y       length   layer        |
|- - - - - - - - - - - - - - - - - - - - - - - - - - - - - - - - - - - - - - - |
                   VIA              7512.67  4130.00 V    22.38  BOTTOM
                   VIA              7536.26  4842.20 V  1357.46  IN3
                   UV2.M11*         7443.90  4847.44 L  1460.44  BOTTOM
        TOTAL         2 VIA(S)                         1460.440  mils
 - - - - - - - - - - - - - - - - - - - - - - - - - - - - - - - - - - - - - - -  
 FBA_CMD_26
                   UGPU1.J25*       7496.84  4177.17 D     0.00  
                   VIA              7480.80  4162.30 V    22.20  BOTTOM
                   VIA(T)           7538.35  4894.80 V  1476.52  IN3
                   R3909.2*         7534.50  4869.00 L  1503.91  TOP
                   UV2.M10*         7473.43  4847.44 L  1667.83  BOTTOM
                   UV2.G10*         7473.43  4995.08 L  1839.57  BOTTOM
        TOTAL         2 VIA(S)                         1839.570  mils
 - - - - - - - - - - - - - - - - - - - - - - - - - - - - - - - - - - - - - - -  
 FBA_CMD_27
                   UGPU1.J24*       7496.84  4145.67 D     0.00  
                   VIA              7512.77  4161.59 V    22.52  BOTTOM
                   VIA(T)           7489.08  4949.90 V  1536.69  IN3
                   UV2.H10*         7473.43  4965.55 L  1647.08  BOTTOM
                   UV2.L10*         7473.43  4876.96 L  1758.19  BOTTOM
        TOTAL         2 VIA(S)                         1758.190  mils
 - - - - - - - - - - - - - - - - - - - - - - - - - - - - - - - - - - - - - - -  
 FBA_CMD_28
                   UGPU1.K27*       7465.35  4240.16 D     0.00  
                   VIA              7483.08  4399.95 V   202.21  BOTTOM
                   VIA              7428.78  4979.97 V  1706.75  IN3
                   UV2.G11*         7443.90  4995.08 L  1728.13  BOTTOM
        TOTAL         2 VIA(S)                         1728.130  mils
 - - - - - - - - - - - - - - - - - - - - - - - - - - - - - - - - - - - - - - -  
 FBA_CMD_29
                   UGPU1.K25*       7465.35  4177.17 D     0.00  
                   VIA              7483.46  4351.77 V   204.98  BOTTOM
                   VIA              7399.54  4980.16 V  1850.93  IN3
                   UV2.H12*         7414.38  4965.55 L  1871.82  BOTTOM
        TOTAL         2 VIA(S)                         1871.820  mils
 - - - - - - - - - - - - - - - - - - - - - - - - - - - - - - - - - - - - - - -  
 FBA_CMD_30
                   UGPU1.J27*       7496.84  4240.16 D     0.00  
                   VIA              7485.51  4328.25 V   111.30  BOTTOM
                   VIA(T)           7399.26  4920.91 V  1720.28  IN3
                   UV2.K12*         7414.38  4906.49 L  1741.37  BOTTOM
                   UV2.J12*         7414.38  4936.02 L  1762.75  BOTTOM
        TOTAL         2 VIA(S)                         1762.750  mils
 - - - - - - - - - - - - - - - - - - - - - - - - - - - - - - - - - - - - - - -  
 FBA_CMD_31
                   UGPU1.J26*       7496.84  4208.66 D     0.00  
|------------------------------------------------------------------------------|
|                             ECL  LOADING  REPORT                             |
|                                                                    Page   8  |
|------------------------------------------------------------------------------|
|  D:/2021/20210115_work/rpt/NMD881R01-ORB-0115_1055.brd                       |
|  dimensions in mils                                Fri Jan 15 16:57:29 2021  |
|------------------------------------------------------------------------------|
|                   refdes                                                     |
|  net name         pinid               x        y       length   layer        |
|- - - - - - - - - - - - - - - - - - - - - - - - - - - - - - - - - - - - - - - |
                   VIA              7485.88  4281.60 V    98.76  BOTTOM
                   VIA(T)           7429.31  4922.00 V  1651.79  IN3
                   UV2.J11*         7443.90  4936.02 L  1672.19  BOTTOM
                   UV2.K11*         7443.90  4906.49 L  1693.97  BOTTOM
        TOTAL         2 VIA(S)                         1693.970  mils
 - - - - - - - - - - - - - - - - - - - - - - - - - - - - - - - - - - - - - - -  
 FBA_CMD_32
                   UGPU1.B19*       7724.40  3981.10 D     0.00  
                   VIA              7816.36  4032.05 V   119.92  BOTTOM
                   VIA              8356.92  4227.53 V  1484.45  IN3
                   UV1.H12*         8341.97  4242.48 L  1505.59  BOTTOM
        TOTAL         2 VIA(S)                         1505.590  mils
 - - - - - - - - - - - - - - - - - - - - - - - - - - - - - - - - - - - - - - -  
 FBA_CMD_33
                   UGPU1.F22*       7594.48  4078.74 D     0.00  
                   VIA              7579.26  4096.51 V    23.76  BOTTOM
                   VIA              7429.49  4861.84 V  1860.03  IN3
                   UV2.L12*         7414.38  4876.96 L  1881.41  BOTTOM
        TOTAL         2 VIA(S)                         1881.410  mils
 - - - - - - - - - - - - - - - - - - - - - - - - - - - - - - - - - - - - - - -  
 FBA_D0
                   UGPU1.E18*       7629.92  3949.61 B     0.00  
                   VIA              7613.38  3966.15 V    23.39  BOTTOM
                   VIA              8238.95  4493.79 V  1248.05  IN1
                   UV1.E3*          8253.39  4508.22 B  1268.48  BOTTOM
        TOTAL         2 VIA(S)                         1268.480  mils
 - - - - - - - - - - - - - - - - - - - - - - - - - - - - - - - - - - - - - - -  
 FBA_D1
                   UGPU1.F18*       7596.84  3949.61 B     0.00  
                   VIA              7581.12  3965.34 V    22.24  BOTTOM
                   VIA              8238.83  4552.31 V  1246.98  IN1
                   UV1.E2*          8253.39  4537.75 B  1267.57  BOTTOM
        TOTAL         2 VIA(S)                         1267.570  mils
 - - - - - - - - - - - - - - - - - - - - - - - - - - - - - - - - - - - - - - -  
 FBA_D2
                   UV1.G2*          8312.44  4537.75 B     0.00  
                   VIA              8297.64  4552.56 V    20.94  BOTTOM
                   VIA              7612.53  3896.64 V  1529.24  IN1
                   UGPU1.E16*       7629.92  3883.47 B  1551.29  BOTTOM
        TOTAL         2 VIA(S)                         1551.290  mils
 - - - - - - - - - - - - - - - - - - - - - - - - - - - - - - - - - - - - - - -  
 FBA_D3
                   UGPU1.F17*       7596.84  3916.54 B     0.00  
                   VIA              7581.00  3932.00 V    22.24  BOTTOM
                   VIA              8268.43  4522.94 V  1407.10  IN1
                   UV1.F2*          8282.92  4537.75 B  1428.18  BOTTOM
|------------------------------------------------------------------------------|
|                             ECL  LOADING  REPORT                             |
|                                                                    Page   9  |
|------------------------------------------------------------------------------|
|  D:/2021/20210115_work/rpt/NMD881R01-ORB-0115_1055.brd                       |
|  dimensions in mils                                Fri Jan 15 16:57:29 2021  |
|------------------------------------------------------------------------------|
|                   refdes                                                     |
|  net name         pinid               x        y       length   layer        |
|- - - - - - - - - - - - - - - - - - - - - - - - - - - - - - - - - - - - - - - |
        TOTAL         2 VIA(S)                         1428.180  mils
 - - - - - - - - - - - - - - - - - - - - - - - - - - - - - - - - - - - - - - -  
 FBA_D4
                   UGPU1.D20*       7661.41  4014.18 B     0.00  
                   VIA              7645.70  4029.88 V    22.23  BOTTOM
                   VIA              8180.16  4492.86 V   867.79  IN1
                   UV1.B3*          8164.81  4508.22 B   889.52  BOTTOM
        TOTAL         2 VIA(S)                          889.520  mils
 - - - - - - - - - - - - - - - - - - - - - - - - - - - - - - - - - - - - - - -  
 FBA_D5
                   UGPU1.D21*       7661.41  4047.25 B     0.00  
                   VIA              7677.76  4030.91 V    23.12  BOTTOM
                   VIA              8150.40  4463.50 V   820.04  IN1
                   UV1.B4*          8164.81  4478.70 B   841.21  BOTTOM
        TOTAL         2 VIA(S)                          841.210  mils
 - - - - - - - - - - - - - - - - - - - - - - - - - - - - - - - - - - - - - - -  
 FBA_D6
                   UV1.A3*          8135.28  4508.22 B     0.00  
                   VIA              8117.68  4496.10 V    22.64  BOTTOM
                   VIA              7612.49  4029.83 V   824.06  IN1
                   UGPU1.F20*       7596.84  4014.18 B   846.19  BOTTOM
        TOTAL         2 VIA(S)                          846.190  mils
 - - - - - - - - - - - - - - - - - - - - - - - - - - - - - - - - - - - - - - -  
 FBA_D7
                   UGPU1.E21*       7629.92  4047.25 B     0.00  
                   VIA              7579.00  4063.98 V    58.32  BOTTOM
                   VIA              8149.68  4522.64 V   909.03  IN1
                   UV1.B2*          8164.81  4537.75 B   930.43  BOTTOM
        TOTAL         2 VIA(S)                          930.430  mils
 - - - - - - - - - - - - - - - - - - - - - - - - - - - - - - - - - - - - - - -  
 FBA_D8
                   UV1.E12*         8253.39  4242.48 B     0.00  
                   VIA              8268.15  4257.24 V    20.87  BOTTOM
                   VIA              7612.59  3832.95 V  1154.38  IN1
                   UGPU1.E15*       7629.92  3851.97 B  1180.58  BOTTOM
        TOTAL         2 VIA(S)                         1180.580  mils
 - - - - - - - - - - - - - - - - - - - - - - - - - - - - - - - - - - - - - - -  
 FBA_D9
                   UGPU1.D15*       7661.41  3851.97 B     0.00  
                   VIA              7677.93  3832.92 V    25.89  BOTTOM
                   VIA              8179.58  4286.77 V   859.17  IN1
                   UV1.B11*         8164.81  4272.00 B   880.06  BOTTOM
        TOTAL         2 VIA(S)                          880.060  mils
 - - - - - - - - - - - - - - - - - - - - - - - - - - - - - - - - - - - - - - -  
 FBA_D10
                   UGPU1.F15*       7596.84  3851.97 B     0.00  
|------------------------------------------------------------------------------|
|                             ECL  LOADING  REPORT                             |
|                                                                    Page  10  |
|------------------------------------------------------------------------------|
|  D:/2021/20210115_work/rpt/NMD881R01-ORB-0115_1055.brd                       |
|  dimensions in mils                                Fri Jan 15 16:57:29 2021  |
|------------------------------------------------------------------------------|
|                   refdes                                                     |
|  net name         pinid               x        y       length   layer        |
|- - - - - - - - - - - - - - - - - - - - - - - - - - - - - - - - - - - - - - - |
                   VIA              7581.93  3834.17 V    23.98  BOTTOM
                   VIA              8269.18  4198.01 V  1220.41  IN1
                   UV1.F13*         8282.92  4212.95 B  1241.04  BOTTOM
        TOTAL         2 VIA(S)                         1241.040  mils
 - - - - - - - - - - - - - - - - - - - - - - - - - - - - - - - - - - - - - - -  
 FBA_D11
                   UV1.G13*         8312.44  4212.95 B     0.00  
                   VIA              8297.68  4227.72 V    20.88  BOTTOM
                   VIA              7581.25  3770.24 V  1246.95  IN1
                   UGPU1.F13*       7596.84  3785.83 B  1269.00  BOTTOM
        TOTAL         2 VIA(S)                         1269.000  mils
 - - - - - - - - - - - - - - - - - - - - - - - - - - - - - - - - - - - - - - -  
 FBA_D12
                   UV1.B12*         8164.81  4242.48 B     0.00  
                   VIA              8149.84  4257.24 V    21.08  BOTTOM
                   VIA              7708.00  3803.00 V   767.92  IN1
                   UGPU1.C13*       7692.91  3785.83 B   791.77  BOTTOM
        TOTAL         2 VIA(S)                          791.770  mils
 - - - - - - - - - - - - - - - - - - - - - - - - - - - - - - - - - - - - - - -  
 FBA_D13
                   UV1.B13*         8164.81  4212.95 B     0.00  
                   VIA              8150.04  4198.19 V    20.88  BOTTOM
                   VIA              7740.78  3768.18 V   722.07  IN1
                   UGPU1.B13*       7724.40  3785.83 B   746.50  BOTTOM
        TOTAL         2 VIA(S)                          746.500  mils
 - - - - - - - - - - - - - - - - - - - - - - - - - - - - - - - - - - - - - - -  
 FBA_D14
                   UV1.E13*         8253.39  4212.95 B     0.00  
                   VIA              8238.69  4227.65 V    20.79  BOTTOM
                   VIA              7646.91  3737.68 V   979.65  IN1
                   UGPU1.E13*       7629.92  3785.83 B  1032.35  BOTTOM
        TOTAL         2 VIA(S)                         1032.350  mils
 - - - - - - - - - - - - - - - - - - - - - - - - - - - - - - - - - - - - - - -  
 FBA_D15
                   UV1.A12*         8135.28  4242.48 B     0.00  
                   VIA              8120.51  4227.72 V    20.88  BOTTOM
                   VIA              7679.02  3770.24 V   763.65  IN1
                   UGPU1.D13*       7661.41  3785.83 B   787.22  BOTTOM
        TOTAL         2 VIA(S)                          787.220  mils
 - - - - - - - - - - - - - - - - - - - - - - - - - - - - - - - - - - - - - - -  
 FBA_D16
                   UV1.V12*         8637.25  4242.48 B     0.00  
                   VIA              8653.11  4258.35 V    22.45  BOTTOM
                   VIA              7741.38  3833.85 V  1187.51  IN4
                   UGPU1.B15*       7724.40  3851.97 B  1212.66  BOTTOM
        TOTAL         2 VIA(S)                         1212.660  mils
|------------------------------------------------------------------------------|
|                             ECL  LOADING  REPORT                             |
|                                                                    Page  11  |
|------------------------------------------------------------------------------|
|  D:/2021/20210115_work/rpt/NMD881R01-ORB-0115_1055.brd                       |
|  dimensions in mils                                Fri Jan 15 16:57:29 2021  |
|------------------------------------------------------------------------------|
|                   refdes                                                     |
|  net name         pinid               x        y       length   layer        |
|- - - - - - - - - - - - - - - - - - - - - - - - - - - - - - - - - - - - - - - |
 FBA_D17
                   UV1.U13*         8607.72  4212.95 B     0.00  
                   VIA              8622.79  4228.03 V    21.32  BOTTOM
                   VIA              7677.13  3867.69 V  1199.74  IN4
                   UGPU1.C16*       7692.91  3883.47 B  1222.06  BOTTOM
        TOTAL         2 VIA(S)                         1222.060  mils
 - - - - - - - - - - - - - - - - - - - - - - - - - - - - - - - - - - - - - - -  
 FBA_D18
                   UV1.U11*         8607.72  4272.00 B     0.00  
                   VIA              8622.48  4286.77 V    20.88  BOTTOM
                   VIA              7805.74  3795.07 V  1214.74  IN4
                   UGPU1.A13*       7755.90  3785.83 B  1274.66  BOTTOM
        TOTAL         2 VIA(S)                         1274.660  mils
 - - - - - - - - - - - - - - - - - - - - - - - - - - - - - - - - - - - - - - -  
 FBA_D19
                   UV1.U12*         8607.72  4242.48 B     0.00  
                   VIA              8593.01  4257.28 V    20.90  BOTTOM
                   VIA              7772.53  3867.47 V  1071.33  IN4
                   UGPU1.A15*       7755.90  3851.97 B  1094.38  BOTTOM
        TOTAL         2 VIA(S)                         1094.380  mils
 - - - - - - - - - - - - - - - - - - - - - - - - - - - - - - - - - - - - - - -  
 FBA_D20
                   UV1.P13*         8519.14  4212.95 B     0.00  
                   VIA              8533.90  4198.19 V    20.87  BOTTOM
                   VIA              7810.71  3947.37 V   865.11  IN4
                   UGPU1.B18*       7724.40  3949.61 B   965.10  BOTTOM
        TOTAL         2 VIA(S)                          965.100  mils
 - - - - - - - - - - - - - - - - - - - - - - - - - - - - - - - - - - - - - - -  
 FBA_D21
                   UV1.M13*         8460.08  4212.95 B     0.00  
                   VIA              8474.84  4198.19 V    20.89  BOTTOM
                   VIA              7782.25  3944.17 V   831.60  IN4
                   UGPU1.A18*       7755.90  3949.61 B   860.20  BOTTOM
        TOTAL         2 VIA(S)                          860.200  mils
 - - - - - - - - - - - - - - - - - - - - - - - - - - - - - - - - - - - - - - -  
 FBA_D22
                   UV1.N13*         8489.61  4212.95 B     0.00  
                   VIA              8504.37  4227.72 V    20.88  BOTTOM
                   VIA              7851.03  3955.33 V   808.07  IN4
                   UGPU1.A19*       7755.90  3981.10 B   913.87  BOTTOM
        TOTAL         2 VIA(S)                          913.870  mils
 - - - - - - - - - - - - - - - - - - - - - - - - - - - - - - - - - - - - - - -  
 FBA_D23
                   UV1.P12*         8519.14  4242.48 B     0.00  
                   VIA              8533.90  4257.24 V    20.89  BOTTOM
                   VIA              7708.80  3963.50 V   997.53  IN4
|------------------------------------------------------------------------------|
|                             ECL  LOADING  REPORT                             |
|                                                                    Page  12  |
|------------------------------------------------------------------------------|
|  D:/2021/20210115_work/rpt/NMD881R01-ORB-0115_1055.brd                       |
|  dimensions in mils                                Fri Jan 15 16:57:29 2021  |
|------------------------------------------------------------------------------|
|                   refdes                                                     |
|  net name         pinid               x        y       length   layer        |
|- - - - - - - - - - - - - - - - - - - - - - - - - - - - - - - - - - - - - - - |
                   UGPU1.C19*       7692.91  3981.10 B  1021.71  BOTTOM
        TOTAL         2 VIA(S)                         1021.710  mils
 - - - - - - - - - - - - - - - - - - - - - - - - - - - - - - - - - - - - - - -  
 FBA_D24
                   UGPU1.B24*       7724.40  4145.67 B     0.00  
                   VIA              7801.08  4195.00 V   101.55  BOTTOM
                   VIA              8444.10  4522.88 V   888.30  IN4
                   UV1.M2*          8460.08  4537.75 B   910.44  BOTTOM
        TOTAL         2 VIA(S)                          910.440  mils
 - - - - - - - - - - - - - - - - - - - - - - - - - - - - - - - - - - - - - - -  
 FBA_D25
                   UGPU1.C23*       7692.91  4112.21 B     0.00  
                   VIA              7705.74  4129.70 V    22.80  BOTTOM
                   VIA              8504.37  4522.99 V  1063.96  IN4
                   UV1.P2*          8519.14  4537.75 B  1084.86  BOTTOM
        TOTAL         2 VIA(S)                         1084.860  mils
 - - - - - - - - - - - - - - - - - - - - - - - - - - - - - - - - - - - - - - -  
 FBA_D26
                   UGPU1.A25*       7755.90  4177.17 B     0.00  
                   VIA              7776.05  4200.02 V    34.52  BOTTOM
                   VIA              8474.85  4552.52 V   884.33  IN4
                   UV1.N2*          8489.61  4537.75 B   905.23  BOTTOM
        TOTAL         2 VIA(S)                          905.230  mils
 - - - - - - - - - - - - - - - - - - - - - - - - - - - - - - - - - - - - - - -  
 FBA_D27
                   UV1.P3*          8519.14  4508.22 B     0.00  
                   VIA              8533.68  4493.68 V    20.56  BOTTOM
                   VIA              7852.50  4176.30 V   855.79  IN4
                   UGPU1.A24*       7755.90  4145.67 B   972.04  BOTTOM
        TOTAL         2 VIA(S)                          972.040  mils
 - - - - - - - - - - - - - - - - - - - - - - - - - - - - - - - - - - - - - - -  
 FBA_D28
                   UGPU1.A21*       7755.90  4047.25 B     0.00  
                   VIA              7740.80  4029.90 V    23.60  BOTTOM
                   VIA              8593.50  4551.97 V  1421.05  IN4
                   UV1.U2*          8607.72  4537.75 B  1441.16  BOTTOM
        TOTAL         2 VIA(S)                         1441.160  mils
 - - - - - - - - - - - - - - - - - - - - - - - - - - - - - - - - - - - - - - -  
 FBA_D29
                   UGPU1.B21*       7724.40  4047.25 B     0.00  
                   VIA              7741.07  4062.47 V    22.97  BOTTOM
                   VIA              8652.01  4493.46 V  1171.92  IN4
                   UV1.V3*          8637.25  4508.22 B  1192.79  BOTTOM
        TOTAL         2 VIA(S)                         1192.790  mils
 - - - - - - - - - - - - - - - - - - - - - - - - - - - - - - - - - - - - - - -  
 FBA_D30
|------------------------------------------------------------------------------|
|                             ECL  LOADING  REPORT                             |
|                                                                    Page  13  |
|------------------------------------------------------------------------------|
|  D:/2021/20210115_work/rpt/NMD881R01-ORB-0115_1055.brd                       |
|  dimensions in mils                                Fri Jan 15 16:57:29 2021  |
|------------------------------------------------------------------------------|
|                   refdes                                                     |
|  net name         pinid               x        y       length   layer        |
|- - - - - - - - - - - - - - - - - - - - - - - - - - - - - - - - - - - - - - - |
                   UV1.U3*          8607.72  4508.22 B     0.00  
                   VIA              8621.94  4522.44 V    20.11  BOTTOM
                   VIA              7706.71  4030.91 V  1639.53  IN4
                   UGPU1.C20*       7692.91  4014.18 B  1661.98  BOTTOM
        TOTAL         2 VIA(S)                         1661.980  mils
 - - - - - - - - - - - - - - - - - - - - - - - - - - - - - - - - - - - - - - -  
 FBA_D31
                   UGPU1.C21*       7692.91  4047.25 B     0.00  
                   VIA              7644.88  4062.14 V    54.20  BOTTOM
                   VIA              8593.50  4492.92 V  1513.85  IN4
                   UV1.U4*          8607.72  4478.70 B  1533.96  BOTTOM
        TOTAL         2 VIA(S)                         1533.960  mils
 - - - - - - - - - - - - - - - - - - - - - - - - - - - - - - - - - - - - - - -  
 FBA_D32
                   UV2.B2*          7709.65  5142.71 B     0.00  
                   VIA              7724.41  5157.67 V    21.07  BOTTOM
                   VIA              7318.49  4064.18 V  1578.08  IN4
                   UGPU1.R22*       7301.57  4081.10 B  1602.01  BOTTOM
        TOTAL         2 VIA(S)                         1602.010  mils
 - - - - - - - - - - - - - - - - - - - - - - - - - - - - - - - - - - - - - - -  
 FBA_D33
                   UV2.F2*          7709.65  5024.60 B     0.00  
                   VIA              7694.89  5009.84 V    20.87  BOTTOM
                   VIA              7285.45  4129.55 V  1274.62  IN4
                   UGPU1.R24*       7301.57  4145.67 B  1297.42  BOTTOM
        TOTAL         2 VIA(S)                         1297.420  mils
 - - - - - - - - - - - - - - - - - - - - - - - - - - - - - - - - - - - - - - -  
 FBA_D34
                   UV2.E3*          7680.12  5054.13 B     0.00  
                   VIA              7665.36  5039.58 V    20.79  BOTTOM
                   VIA              7254.13  4063.14 V  1362.51  IN4
                   UGPU1.T22*       7270.07  4081.10 B  1387.07  BOTTOM
        TOTAL         2 VIA(S)                         1387.070  mils
 - - - - - - - - - - - - - - - - - - - - - - - - - - - - - - - - - - - - - - -  
 FBA_D35
                   UV2.G2*          7709.65  4995.08 B     0.00  
                   VIA              7724.41  4980.31 V    20.88  BOTTOM
                   VIA              7285.08  4099.91 V  1300.62  IN4
                   UGPU1.R23*       7301.57  4114.18 B  1323.02  BOTTOM
        TOTAL         2 VIA(S)                         1323.020  mils
 - - - - - - - - - - - - - - - - - - - - - - - - - - - - - - - - - - - - - - -  
 FBA_D36
                   UGPU1.N25*       7367.71  4177.17 B     0.00  
                   VIA              7383.45  4192.91 V    22.26  BOTTOM
                   VIA              7665.36  5157.67 V  1423.82  IN4
                   UV2.B3*          7680.12  5142.71 B  1444.89  BOTTOM
|------------------------------------------------------------------------------|
|                             ECL  LOADING  REPORT                             |
|                                                                    Page  14  |
|------------------------------------------------------------------------------|
|  D:/2021/20210115_work/rpt/NMD881R01-ORB-0115_1055.brd                       |
|  dimensions in mils                                Fri Jan 15 16:57:29 2021  |
|------------------------------------------------------------------------------|
|                   refdes                                                     |
|  net name         pinid               x        y       length   layer        |
|- - - - - - - - - - - - - - - - - - - - - - - - - - - - - - - - - - - - - - - |
        TOTAL         2 VIA(S)                         1444.890  mils
 - - - - - - - - - - - - - - - - - - - - - - - - - - - - - - - - - - - - - - -  
 FBA_D37
                   UGPU1.N26*       7367.71  4208.66 B     0.00  
                   VIA              7363.58  4263.28 V    70.75  BOTTOM
                   VIA              7724.42  5039.37 V  1260.91  IN4
                   UV2.E2*          7709.65  5054.13 B  1281.79  BOTTOM
        TOTAL         2 VIA(S)                         1281.790  mils
 - - - - - - - - - - - - - - - - - - - - - - - - - - - - - - - - - - - - - - -  
 FBA_D38
                   UGPU1.N23*       7367.71  4114.18 B     0.00  
                   VIA              7383.06  4129.61 V    21.79  BOTTOM
                   VIA              7694.89  5187.00 V  1550.65  IN4
                   UV2.A3*          7680.12  5172.24 B  1571.53  BOTTOM
        TOTAL         2 VIA(S)                         1571.530  mils
 - - - - - - - - - - - - - - - - - - - - - - - - - - - - - - - - - - - - - - -  
 FBA_D39
                   UGPU1.N24*       7367.71  4145.67 B     0.00  
                   VIA              7350.97  4162.01 V    23.51  BOTTOM
                   VIA              7635.64  5127.95 V  1454.34  IN4
                   UV2.B4*          7650.60  5142.71 B  1475.41  BOTTOM
        TOTAL         2 VIA(S)                         1475.410  mils
 - - - - - - - - - - - - - - - - - - - - - - - - - - - - - - - - - - - - - - -  
 FBA_D40
                   UV2.B11*         7443.90  5142.71 B     0.00  
                   VIA              7459.00  5157.80 V    21.35  BOTTOM
                   VIA              7185.63  4129.96 V  1508.20  IN4
                   UGPU1.V23*       7203.93  4114.18 B  1533.04  BOTTOM
        TOTAL         2 VIA(S)                         1533.040  mils
 - - - - - - - - - - - - - - - - - - - - - - - - - - - - - - - - - - - - - - -  
 FBA_D41
                   UV2.B13*         7384.85  5142.71 B     0.00  
                   VIA              7399.95  5157.80 V    21.35  BOTTOM
                   VIA              7187.61  4066.50 V  1679.38  IN4
                   UGPU1.V22*       7203.93  4081.10 B  1702.10  BOTTOM
        TOTAL         2 VIA(S)                         1702.100  mils
 - - - - - - - - - - - - - - - - - - - - - - - - - - - - - - - - - - - - - - -  
 FBA_D42
                   UV2.A12*         7414.38  5172.24 B     0.00  
                   VIA              7428.19  5189.88 V    23.36  BOTTOM
                   VIA              7253.25  4100.55 V  1898.99  IN4
                   UGPU1.T23*       7270.07  4114.18 B  1921.46  BOTTOM
        TOTAL         2 VIA(S)                         1921.460  mils
 - - - - - - - - - - - - - - - - - - - - - - - - - - - - - - - - - - - - - - -  
 FBA_D43
                   UV2.B12*         7414.38  5142.71 B     0.00  
|------------------------------------------------------------------------------|
|                             ECL  LOADING  REPORT                             |
|                                                                    Page  15  |
|------------------------------------------------------------------------------|
|  D:/2021/20210115_work/rpt/NMD881R01-ORB-0115_1055.brd                       |
|  dimensions in mils                                Fri Jan 15 16:57:29 2021  |
|------------------------------------------------------------------------------|
|                   refdes                                                     |
|  net name         pinid               x        y       length   layer        |
|- - - - - - - - - - - - - - - - - - - - - - - - - - - - - - - - - - - - - - - |
                   VIA              7429.14  5127.95 V    20.87  BOTTOM
                   VIA              7221.94  4063.94 V  1689.26  IN4
                   UGPU1.U22*       7237.00  4081.10 B  1712.66  BOTTOM
        TOTAL         2 VIA(S)                         1712.660  mils
 - - - - - - - - - - - - - - - - - - - - - - - - - - - - - - - - - - - - - - -  
 FBA_D44
                   UGPU1.Y24*       7139.36  4145.67 B     0.00  
                   VIA              7123.65  4129.33 V    22.85  BOTTOM
                   VIA              7399.29  5069.23 V  1311.60  IN4
                   UV2.E12*         7414.38  5054.13 B  1332.95  BOTTOM
        TOTAL         2 VIA(S)                         1332.950  mils
 - - - - - - - - - - - - - - - - - - - - - - - - - - - - - - - - - - - - - - -  
 FBA_D45
                   UGPU1.AA24*      7106.29  4145.67 B     0.00  
                   VIA              7089.43  4131.14 V    22.88  BOTTOM
                   VIA              7369.76  5069.23 V  1175.62  IN4
                   UV2.E13*         7384.85  5054.13 B  1196.97  BOTTOM
        TOTAL         2 VIA(S)                         1196.970  mils
 - - - - - - - - - - - - - - - - - - - - - - - - - - - - - - - - - - - - - - -  
 FBA_D46
                   UGPU1.Y22*       7139.36  4081.10 B     0.00  
                   VIA              7124.12  4065.87 V    21.55  BOTTOM
                   VIA              7400.04  5039.80 V  1313.17  IN4
                   UV2.F13*         7384.85  5024.60 B  1334.66  BOTTOM
        TOTAL         2 VIA(S)                         1334.660  mils
 - - - - - - - - - - - - - - - - - - - - - - - - - - - - - - - - - - - - - - -  
 FBA_D47
                   UGPU1.AA23*      7106.29  4114.18 B     0.00  
                   VIA              7089.75  4097.64 V    23.39  BOTTOM
                   VIA              7338.60  5009.11 V  1210.56  IN4
                   UV2.G13*         7384.85  4995.08 B  1263.06  BOTTOM
        TOTAL         2 VIA(S)                         1263.060  mils
 - - - - - - - - - - - - - - - - - - - - - - - - - - - - - - - - - - - - - - -  
 FBA_D48
                   UV2.V12*         7414.38  4670.27 B     0.00  
                   VIA              7275.00  4608.85 V   173.54  BOTTOM
                   VIA              6992.23  4297.38 V   686.75  IN1
                   UGPU1.AD27*      7007.87  4240.16 B   750.45  BOTTOM
        TOTAL         2 VIA(S)                          750.450  mils
 - - - - - - - - - - - - - - - - - - - - - - - - - - - - - - - - - - - - - - -  
 FBA_D49
                   UV2.P13*         7384.85  4788.38 B     0.00  
                   VIA              7369.45  4772.99 V    21.77  BOTTOM
                   VIA              7058.93  4193.03 V  1109.49  IN1
                   UGPU1.AB25*      7074.80  4177.17 B  1131.93  BOTTOM
        TOTAL         2 VIA(S)                         1131.930  mils
|------------------------------------------------------------------------------|
|                             ECL  LOADING  REPORT                             |
|                                                                    Page  16  |
|------------------------------------------------------------------------------|
|  D:/2021/20210115_work/rpt/NMD881R01-ORB-0115_1055.brd                       |
|  dimensions in mils                                Fri Jan 15 16:57:29 2021  |
|------------------------------------------------------------------------------|
|                   refdes                                                     |
|  net name         pinid               x        y       length   layer        |
|- - - - - - - - - - - - - - - - - - - - - - - - - - - - - - - - - - - - - - - |
 FBA_D50
                   UGPU1.AD26*      7007.87  4208.66 B     0.00  
                   VIA              6943.38  4298.74 V   128.17  BOTTOM
                   VIA              7399.97  4862.55 V  1029.48  IN1
                   UV2.M13*         7384.85  4847.44 B  1050.86  BOTTOM
        TOTAL         2 VIA(S)                         1050.860  mils
 - - - - - - - - - - - - - - - - - - - - - - - - - - - - - - - - - - - - - - -  
 FBA_D51
                   UGPU1.AC25*      7041.33  4177.17 B     0.00  
                   VIA              7025.96  4161.80 V    21.83  BOTTOM
                   VIA              7399.98  4803.00 V  1169.30  IN1
                   UV2.P12*         7414.38  4788.38 B  1190.13  BOTTOM
        TOTAL         2 VIA(S)                         1190.130  mils
 - - - - - - - - - - - - - - - - - - - - - - - - - - - - - - - - - - - - - - -  
 FBA_D52
                   UGPU1.AA27*      7106.29  4240.16 B     0.00  
                   VIA              7073.16  4272.29 V    65.07  BOTTOM
                   VIA              7430.21  4714.79 V   903.73  IN1
                   UV2.U12*         7414.38  4699.80 B   925.77  BOTTOM
        TOTAL         2 VIA(S)                          925.770  mils
 - - - - - - - - - - - - - - - - - - - - - - - - - - - - - - - - - - - - - - -  
 FBA_D53
                   UGPU1.AA26*      7106.29  4208.66 B     0.00  
                   VIA              7090.54  4224.41 V    22.27  BOTTOM
                   VIA              7399.88  4684.40 V   952.52  IN1
                   UV2.U13*         7384.85  4699.80 B   974.14  BOTTOM
        TOTAL         2 VIA(S)                          974.140  mils
 - - - - - - - - - - - - - - - - - - - - - - - - - - - - - - - - - - - - - - -  
 FBA_D54
                   UGPU1.W26*       7172.44  4208.66 B     0.00  
                   VIA              7156.09  4225.00 V    23.12  BOTTOM
                   VIA              7459.93  4684.96 V   927.55  IN1
                   UV2.U11*         7443.90  4699.80 B   949.72  BOTTOM
        TOTAL         2 VIA(S)                          949.720  mils
 - - - - - - - - - - - - - - - - - - - - - - - - - - - - - - - - - - - - - - -  
 FBA_D55
                   UGPU1.Y25*       7139.36  4177.17 B     0.00  
                   VIA              7123.81  4192.72 V    21.99  BOTTOM
                   VIA              7369.49  4832.24 V  1468.01  IN1
                   UV2.N13*         7384.85  4817.91 B  1489.31  BOTTOM
        TOTAL         2 VIA(S)                         1489.310  mils
 - - - - - - - - - - - - - - - - - - - - - - - - - - - - - - - - - - - - - - -  
 FBA_D56
                   UV2.U2*          7709.65  4699.80 B     0.00  
                   VIA              7694.92  4685.04 V    20.86  BOTTOM
                   VIA              7285.08  4193.23 V   903.69  IN1
|------------------------------------------------------------------------------|
|                             ECL  LOADING  REPORT                             |
|                                                                    Page  17  |
|------------------------------------------------------------------------------|
|  D:/2021/20210115_work/rpt/NMD881R01-ORB-0115_1055.brd                       |
|  dimensions in mils                                Fri Jan 15 16:57:29 2021  |
|------------------------------------------------------------------------------|
|                   refdes                                                     |
|  net name         pinid               x        y       length   layer        |
|- - - - - - - - - - - - - - - - - - - - - - - - - - - - - - - - - - - - - - - |
                   UGPU1.R26*       7301.57  4208.66 B   926.57  BOTTOM
        TOTAL         2 VIA(S)                          926.570  mils
 - - - - - - - - - - - - - - - - - - - - - - - - - - - - - - - - - - - - - - -  
 FBA_D57
                   UGPU1.T25*       7270.07  4177.17 B     0.00  
                   VIA              7253.85  4192.17 V    22.43  BOTTOM
                   VIA              7635.83  4685.04 V   914.33  IN1
                   UV2.U4*          7650.60  4699.80 B   935.21  BOTTOM
        TOTAL         2 VIA(S)                          935.210  mils
 - - - - - - - - - - - - - - - - - - - - - - - - - - - - - - - - - - - - - - -  
 FBA_D58
                   UV2.N2*          7709.65  4817.91 B     0.00  
                   VIA              7694.89  4803.15 V    20.87  BOTTOM
                   VIA              7331.88  4296.11 V   985.60  IN1
                   UGPU1.N27*       7367.71  4240.16 B  1063.80  BOTTOM
        TOTAL         2 VIA(S)                         1063.800  mils
 - - - - - - - - - - - - - - - - - - - - - - - - - - - - - - - - - - - - - - -  
 FBA_D59
                   UV2.P2*          7709.65  4788.38 B     0.00  
                   VIA              7724.43  4773.60 V    20.90  BOTTOM
                   VIA              7285.91  4290.41 V  1045.44  IN1
                   UGPU1.R27*       7301.57  4240.16 B  1111.64  BOTTOM
        TOTAL         2 VIA(S)                         1111.640  mils
 - - - - - - - - - - - - - - - - - - - - - - - - - - - - - - - - - - - - - - -  
 FBA_D60
                   UGPU1.V26*       7203.93  4208.66 B     0.00  
                   VIA              7210.36  4307.80 V   123.15  BOTTOM
                   VIA              7665.71  4714.21 V   882.69  IN1
                   UV2.U3*          7680.12  4699.80 B   903.07  BOTTOM
        TOTAL         2 VIA(S)                          903.070  mils
 - - - - - - - - - - - - - - - - - - - - - - - - - - - - - - - - - - - - - - -  
 FBA_D61
                   UV2.V3*          7680.12  4670.27 B     0.00  
                   VIA              7665.68  4653.58 V    22.67  BOTTOM
                   VIA              7218.39  4256.61 V   787.00  IN1
                   UGPU1.V27*       7203.93  4240.16 B   809.44  BOTTOM
        TOTAL         2 VIA(S)                          809.440  mils
 - - - - - - - - - - - - - - - - - - - - - - - - - - - - - - - - - - - - - - -  
 FBA_D62
                   UGPU1.W27*       7172.44  4240.16 B     0.00  
                   VIA              7155.13  4285.83 V    53.45  BOTTOM
                   VIA              7665.34  4773.60 V   916.43  IN1
                   UV2.P3*          7680.12  4788.38 B   937.33  BOTTOM
        TOTAL         2 VIA(S)                          937.330  mils
 - - - - - - - - - - - - - - - - - - - - - - - - - - - - - - - - - - - - - - -  
 FBA_D63
|------------------------------------------------------------------------------|
|                             ECL  LOADING  REPORT                             |
|                                                                    Page  18  |
|------------------------------------------------------------------------------|
|  D:/2021/20210115_work/rpt/NMD881R01-ORB-0115_1055.brd                       |
|  dimensions in mils                                Fri Jan 15 16:57:29 2021  |
|------------------------------------------------------------------------------|
|                   refdes                                                     |
|  net name         pinid               x        y       length   layer        |
|- - - - - - - - - - - - - - - - - - - - - - - - - - - - - - - - - - - - - - - |
                   UGPU1.W25*       7172.44  4177.17 B     0.00  
                   VIA              7155.73  4193.88 V    23.63  BOTTOM
                   VIA              7724.41  4832.67 V  1345.67  IN1
                   UV2.M2*          7709.65  4847.44 B  1366.55  BOTTOM
        TOTAL         2 VIA(S)                         1366.550  mils
 - - - - - - - - - - - - - - - - - - - - - - - - - - - - - - - - - - - - - - -  
 FBA_DBI0
                   UGPU1.D19*       7661.41  3981.10 B     0.00  
                   VIA              7677.16  3997.64 V    23.07  BOTTOM
                   VIA              8209.09  4522.99 V  1012.30  IN1
                   UV1.D2*          8223.86  4537.75 B  1033.20  BOTTOM
        TOTAL         2 VIA(S)                         1033.200  mils
 - - - - - - - - - - - - - - - - - - - - - - - - - - - - - - - - - - - - - - -  
 FBA_DBI1
                   UV1.D13*         8223.86  4212.95 B     0.00  
                   VIA              8209.09  4198.19 V    20.88  BOTTOM
                   VIA              7643.97  3802.52 V   975.58  IN1
                   UGPU1.D14*       7661.41  3818.90 B   999.81  BOTTOM
        TOTAL         2 VIA(S)                          999.810  mils
 - - - - - - - - - - - - - - - - - - - - - - - - - - - - - - - - - - - - - - -  
 FBA_DBI2
                   UV1.R13*         8548.67  4212.95 B     0.00  
                   VIA              8563.42  4227.72 V    20.89  BOTTOM
                   VIA              7708.35  3901.10 V  1042.76  IN4
                   UGPU1.C17*       7692.91  3916.54 B  1064.60  BOTTOM
        TOTAL         2 VIA(S)                         1064.600  mils
 - - - - - - - - - - - - - - - - - - - - - - - - - - - - - - - - - - - - - - -  
 FBA_DBI3
                   UV1.R2*          8548.67  4537.75 B     0.00  
                   VIA              8533.90  4552.52 V    20.89  BOTTOM
                   VIA              7706.80  4096.18 V  1190.97  IN4
                   UGPU1.C22*       7692.91  4078.74 B  1214.16  BOTTOM
        TOTAL         2 VIA(S)                         1214.160  mils
 - - - - - - - - - - - - - - - - - - - - - - - - - - - - - - - - - - - - - - -  
 FBA_DBI4
                   UGPU1.P24*       7334.64  4145.67 B     0.00  
                   VIA              7318.58  4129.62 V    22.80  BOTTOM
                   VIA              7694.89  5068.89 V  1360.71  IN4
                   UV2.D2*          7709.65  5083.66 B  1381.59  BOTTOM
        TOTAL         2 VIA(S)                         1381.590  mils
 - - - - - - - - - - - - - - - - - - - - - - - - - - - - - - - - - - - - - - -  
 FBA_DBI5
                   UGPU1.W24*       7172.44  4145.67 B     0.00  
                   VIA              7155.90  4161.42 V    23.06  BOTTOM
                   VIA              7399.95  5098.75 V  1340.71  IN4
                   UV2.D13*         7384.85  5083.66 B  1362.06  BOTTOM
|------------------------------------------------------------------------------|
|                             ECL  LOADING  REPORT                             |
|                                                                    Page  19  |
|------------------------------------------------------------------------------|
|  D:/2021/20210115_work/rpt/NMD881R01-ORB-0115_1055.brd                       |
|  dimensions in mils                                Fri Jan 15 16:57:29 2021  |
|------------------------------------------------------------------------------|
|                   refdes                                                     |
|  net name         pinid               x        y       length   layer        |
|- - - - - - - - - - - - - - - - - - - - - - - - - - - - - - - - - - - - - - - |
        TOTAL         2 VIA(S)                         1362.060  mils
 - - - - - - - - - - - - - - - - - - - - - - - - - - - - - - - - - - - - - - -  
 FBA_DBI6
                   UGPU1.AA25*      7106.29  4177.17 B     0.00  
                   VIA              7090.42  4161.30 V    22.44  BOTTOM
                   VIA              7399.88  4744.09 V  1089.26  IN1
                   UV2.R13*         7384.85  4758.85 B  1110.40  BOTTOM
        TOTAL         2 VIA(S)                         1110.400  mils
 - - - - - - - - - - - - - - - - - - - - - - - - - - - - - - - - - - - - - - -  
 FBA_DBI7
                   UGPU1.U25*       7237.00  4177.17 B     0.00  
                   VIA              7256.53  4161.57 V    25.99  BOTTOM
                   VIA              7694.92  4744.20 V  1117.53  IN1
                   UV2.R2*          7709.65  4758.85 B  1139.10  BOTTOM
        TOTAL         2 VIA(S)                         1139.100  mils
 - - - - - - - - - - - - - - - - - - - - - - - - - - - - - - - - - - - - - - -  
 FBA_DEBUG1
                   UGPU1.J22*       7496.84  4081.10 D     0.00  
                   VIA              7512.59  4098.46 V    23.89  BOTTOM
                   R3301.1*         7487.06  4196.18 L   154.61  TOP
        TOTAL         1 VIA(S)                          154.610  mils
 - - - - - - - - - - - - - - - - - - - - - - - - - - - - - - - - - - - - - - -  
 FBA_EDC0
                   UV1.C2*          8194.34  4537.75 B     0.00  
                   VIA              8179.58  4552.52 V    20.90  BOTTOM
                   VIA              7612.20  3998.84 V  1048.25  IN1
                   UGPU1.E19*       7629.92  3981.10 B  1073.32  BOTTOM
        TOTAL         2 VIA(S)                         1073.320  mils
 - - - - - - - - - - - - - - - - - - - - - - - - - - - - - - - - - - - - - - -  
 FBA_EDC1
                   UV1.C13*         8194.34  4212.95 B     0.00  
                   VIA              8179.57  4227.72 V    20.89  BOTTOM
                   VIA              7709.53  3866.46 V   992.86  IN1
                   UGPU1.C15*       7692.91  3851.97 B  1015.48  BOTTOM
        TOTAL         2 VIA(S)                         1015.480  mils
 - - - - - - - - - - - - - - - - - - - - - - - - - - - - - - - - - - - - - - -  
 FBA_EDC2
                   UV1.T13*         8578.19  4212.95 B     0.00  
                   VIA              8592.95  4198.19 V    20.87  BOTTOM
                   VIA              7742.08  3900.21 V  1012.70  IN4
                   UGPU1.B16*       7724.40  3883.47 B  1037.32  BOTTOM
        TOTAL         2 VIA(S)                         1037.320  mils
 - - - - - - - - - - - - - - - - - - - - - - - - - - - - - - - - - - - - - - -  
 FBA_EDC3
                   UGPU1.B22*       7724.40  4078.74 B     0.00  
                   VIA              7742.26  4095.00 V    24.60  BOTTOM
|------------------------------------------------------------------------------|
|                             ECL  LOADING  REPORT                             |
|                                                                    Page  20  |
|------------------------------------------------------------------------------|
|  D:/2021/20210115_work/rpt/NMD881R01-ORB-0115_1055.brd                       |
|  dimensions in mils                                Fri Jan 15 16:57:29 2021  |
|------------------------------------------------------------------------------|
|                   refdes                                                     |
|  net name         pinid               x        y       length   layer        |
|- - - - - - - - - - - - - - - - - - - - - - - - - - - - - - - - - - - - - - - |
                   VIA              8563.42  4521.89 V  1083.12  IN4
                   UV1.T2*          8578.19  4537.75 B  1105.10  BOTTOM
        TOTAL         2 VIA(S)                         1105.100  mils
 - - - - - - - - - - - - - - - - - - - - - - - - - - - - - - - - - - - - - - -  
 FBA_EDC4
                   UV2.C2*          7709.65  5113.18 B     0.00  
                   VIA              7759.34  5004.44 V   159.71  BOTTOM
                   VIA              7319.99  4192.60 V  1299.65  IN4
                   UGPU1.R25*       7301.57  4177.17 B  1323.70  BOTTOM
        TOTAL         2 VIA(S)                         1323.700  mils
 - - - - - - - - - - - - - - - - - - - - - - - - - - - - - - - - - - - - - - -  
 FBA_EDC5
                   UGPU1.W23*       7172.44  4114.18 B     0.00  
                   VIA              7156.68  4098.42 V    22.29  BOTTOM
                   VIA              7369.75  5098.09 V  1503.37  IN4
                   UV2.C13*         7384.85  5113.18 B  1524.72  BOTTOM
        TOTAL         2 VIA(S)                         1524.720  mils
 - - - - - - - - - - - - - - - - - - - - - - - - - - - - - - - - - - - - - - -  
 FBA_EDC6
                   UGPU1.AB26*      7074.80  4208.66 B     0.00  
                   VIA              7022.98  4224.25 V    58.28  BOTTOM
                   VIA              7369.45  4713.93 V   977.88  IN1
                   UV2.T13*         7384.85  4729.33 B   999.66  BOTTOM
        TOTAL         2 VIA(S)                          999.660  mils
 - - - - - - - - - - - - - - - - - - - - - - - - - - - - - - - - - - - - - - -  
 FBA_EDC7
                   UGPU1.T26*       7270.07  4208.66 B     0.00  
                   VIA              7285.19  4225.35 V    22.95  BOTTOM
                   VIA              7725.12  4713.96 V   897.43  IN1
                   UV2.T2*          7709.65  4729.33 B   919.27  BOTTOM
        TOTAL         2 VIA(S)                          919.270  mils
 - - - - - - - - - - - - - - - - - - - - - - - - - - - - - - - - - - - - - - -  
 FBA_VREFC
                   R3901.1*         8368.08  4623.97 L     0.00  
                   VIA(T)           8392.79  4588.77 V    45.44  TOP
                   UV1.K1*          8401.03  4567.28 L    70.35  BOTTOM
                   VIA              7762.76  4899.73 V   896.22  IN1
                   UV2.K1*          7739.18  4906.49 L   922.60  BOTTOM
        TOTAL         2 VIA(S)                          922.600  mils
 - - - - - - - - - - - - - - - - - - - - - - - - - - - - - - - - - - - - - - -  
 FBA_WCK01
                   UGPU1.D18*       7661.41  3949.61 D     0.00  
                   VIA              7677.28  3934.85 V    21.98  BOTTOM
                   VIA              8209.57  4463.54 V   943.81  IN1
                   UV1.D4*          8223.86  4478.70 L   964.89  BOTTOM
        TOTAL         2 VIA(S)                          964.890  mils
|------------------------------------------------------------------------------|
|                             ECL  LOADING  REPORT                             |
|                                                                    Page  21  |
|------------------------------------------------------------------------------|
|  D:/2021/20210115_work/rpt/NMD881R01-ORB-0115_1055.brd                       |
|  dimensions in mils                                Fri Jan 15 16:57:29 2021  |
|------------------------------------------------------------------------------|
|                   refdes                                                     |
|  net name         pinid               x        y       length   layer        |
|- - - - - - - - - - - - - - - - - - - - - - - - - - - - - - - - - - - - - - - |
 FBA_WCK23
                   UGPU1.D17*       7661.41  3916.54 D     0.00  
                   VIA              7676.78  3901.19 V    21.73  BOTTOM
                   VIA              8534.04  4286.33 V  1201.17  IN4
                   UV1.R11*         8548.67  4272.00 L  1221.74  BOTTOM
        TOTAL         2 VIA(S)                         1221.740  mils
 - - - - - - - - - - - - - - - - - - - - - - - - - - - - - - - - - - - - - - -  
 FBA_WCK45
                   UGPU1.T24*       7270.07  4145.67 D     0.00  
                   VIA              7254.66  4130.26 V    22.61  BOTTOM
                   VIA              7636.53  5069.57 V  1325.07  IN4
                   UV2.D4*          7650.60  5083.66 L  1344.99  BOTTOM
        TOTAL         2 VIA(S)                         1344.990  mils
 - - - - - - - - - - - - - - - - - - - - - - - - - - - - - - - - - - - - - - -  
 FBA_WCK67
                   UGPU1.V24*       7203.93  4145.67 D     0.00  
                   VIA              7222.66  4161.47 V    25.27  BOTTOM
                   VIA              7459.25  4743.51 V  1373.10  IN1
                   UV2.R11*         7443.90  4758.85 L  1394.80  BOTTOM
        TOTAL         2 VIA(S)                         1394.800  mils
 - - - - - - - - - - - - - - - - - - - - - - - - - - - - - - - - - - - - - - -  
 FBA_WCKB01
                   UGPU1.A17*       7755.90  3916.54 D     0.00  
                   VIA              7815.21  3903.33 V    70.99  BOTTOM
                   VIA              8238.62  4286.77 V   902.06  IN1
                   UV1.D11*         8223.86  4272.00 L   922.94  BOTTOM
        TOTAL         2 VIA(S)                          922.940  mils
 - - - - - - - - - - - - - - - - - - - - - - - - - - - - - - - - - - - - - - -  
 FBA_WCKB23
                   UGPU1.A23*       7755.90  4112.21 D     0.00  
                   VIA              7784.94  4116.56 V    30.84  BOTTOM
                   VIA              8533.90  4464.13 V  1013.51  IN4
                   UV1.R4*          8548.67  4478.70 L  1034.32  BOTTOM
        TOTAL         2 VIA(S)                         1034.320  mils
 - - - - - - - - - - - - - - - - - - - - - - - - - - - - - - - - - - - - - - -  
 FBA_WCKB45
                   UGPU1.AC27*      7041.33  4240.16 D     0.00  
                   VIA              7065.75  4388.22 V   164.18  BOTTOM
                   VIA              7459.00  5098.75 V  1286.21  IN4
                   UV2.D11*         7443.90  5083.66 L  1307.56  BOTTOM
        TOTAL         2 VIA(S)                         1307.560  mils
 - - - - - - - - - - - - - - - - - - - - - - - - - - - - - - - - - - - - - - -  
 FBA_WCKB67
                   UGPU1.U27*       7237.00  4240.16 D     0.00  
                   VIA              7124.71  4333.47 V   264.47  BOTTOM
                   VIA              7598.86  4781.14 V  1076.14  IN1
|------------------------------------------------------------------------------|
|                             ECL  LOADING  REPORT                             |
|                                                                    Page  22  |
|------------------------------------------------------------------------------|
|  D:/2021/20210115_work/rpt/NMD881R01-ORB-0115_1055.brd                       |
|  dimensions in mils                                Fri Jan 15 16:57:29 2021  |
|------------------------------------------------------------------------------|
|                   refdes                                                     |
|  net name         pinid               x        y       length   layer        |
|- - - - - - - - - - - - - - - - - - - - - - - - - - - - - - - - - - - - - - - |
                   UV2.R4*          7650.60  4758.85 L  1137.11  BOTTOM
        TOTAL         2 VIA(S)                         1137.110  mils
 - - - - - - - - - - - - - - - - - - - - - - - - - - - - - - - - - - - - - - -  
|------------------------------------------------------------------------------|
|   End of ECL Loading Report                                                  |
|   total path length all ECL nets = 168993.234 mils                           |
|------------------------------------------------------------------------------|
